kotlin version: 2.2.10
error message: java.lang.RuntimeException: Exception while generating code for:
FUN name:AppNavigation visibility:public modality:FINAL returnType:kotlin.Unit
  annotations:
    Composable
  BLOCK_BODY
    VAR name:navController type:androidx.navigation.NavHostController [val]
      CALL 'public final fun rememberNavController (vararg navigators: androidx.navigation.Navigator<out androidx.navigation.NavDestination>): androidx.navigation.NavHostController declared in androidx.navigation.compose.NavHostControllerKt' type=androidx.navigation.NavHostController origin=null
        ARG navigators: CALL 'public final fun arrayOfNulls <T> (size: kotlin.Int): kotlin.Array<T of kotlin.arrayOfNulls?> declared in kotlin' type=kotlin.Array<out androidx.navigation.Navigator<out androidx.navigation.NavDestination>> origin=null
          TYPE_ARG T: androidx.navigation.Navigator<out androidx.navigation.NavDestination>
          ARG size: CONST Int type=kotlin.Int value=0
    VAR name:viewModel type:com.example.votingapp.viewmodel.VoteViewModel [val]
      TYPE_OP type=com.example.votingapp.viewmodel.VoteViewModel origin=IMPLICIT_CAST typeOperand=com.example.votingapp.viewmodel.VoteViewModel
        CALL 'public final fun viewModel$default <VM> (viewModelStoreOwner: androidx.lifecycle.ViewModelStoreOwner?, key: kotlin.String?, factory: androidx.lifecycle.ViewModelProvider.Factory?, extras: androidx.lifecycle.viewmodel.CreationExtras?, $mask0: kotlin.Int, $handler: kotlin.Any?): VM of androidx.lifecycle.viewmodel.compose.ViewModelKt.viewModel$default [inline] declared in androidx.lifecycle.viewmodel.compose.ViewModelKt' type=VM of androidx.lifecycle.viewmodel.compose.ViewModelKt.viewModel$default origin=DEFAULT_DISPATCH_CALL
          TYPE_ARG VM: com.example.votingapp.viewmodel.VoteViewModel
          ARG viewModelStoreOwner: COMPOSITE type=androidx.lifecycle.ViewModelStoreOwner? origin=DEFAULT_VALUE
            CONST Null type=androidx.lifecycle.ViewModelStoreOwner? value=null
          ARG key: COMPOSITE type=kotlin.String? origin=DEFAULT_VALUE
            CONST Null type=kotlin.String? value=null
          ARG factory: COMPOSITE type=androidx.lifecycle.ViewModelProvider.Factory? origin=DEFAULT_VALUE
            CONST Null type=androidx.lifecycle.ViewModelProvider.Factory? value=null
          ARG extras: COMPOSITE type=androidx.lifecycle.viewmodel.CreationExtras? origin=DEFAULT_VALUE
            CONST Null type=androidx.lifecycle.viewmodel.CreationExtras? value=null
          ARG $mask0: CONST Int type=kotlin.Int value=15
          ARG $handler: CONST Null type=kotlin.Any? value=null
    CALL 'public final fun NavHost$default (navController: androidx.navigation.NavHostController, startDestination: kotlin.String, modifier: androidx.compose.ui.Modifier?, contentAlignment: androidx.compose.ui.Alignment?, route: kotlin.String?, enterTransition: @[JvmSuppressWildcards(suppress = <null>)] @[ExtensionFunctionType] kotlin.Function1<androidx.compose.animation.AnimatedContentTransitionScope<androidx.navigation.NavBackStackEntry>, androidx.compose.animation.EnterTransition>?, exitTransition: @[JvmSuppressWildcards(suppress = <null>)] @[ExtensionFunctionType] kotlin.Function1<androidx.compose.animation.AnimatedContentTransitionScope<androidx.navigation.NavBackStackEntry>, androidx.compose.animation.ExitTransition>?, popEnterTransition: @[JvmSuppressWildcards(suppress = <null>)] @[ExtensionFunctionType] kotlin.Function1<androidx.compose.animation.AnimatedContentTransitionScope<androidx.navigation.NavBackStackEntry>, androidx.compose.animation.EnterTransition>?, popExitTransition: @[JvmSuppressWildcards(suppress = <null>)] @[ExtensionFunctionType] kotlin.Function1<androidx.compose.animation.AnimatedContentTransitionScope<androidx.navigation.NavBackStackEntry>, androidx.compose.animation.ExitTransition>?, sizeTransform: @[JvmSuppressWildcards(suppress = <null>)] @[ExtensionFunctionType] kotlin.Function1<androidx.compose.animation.AnimatedContentTransitionScope<androidx.navigation.NavBackStackEntry>, androidx.compose.animation.SizeTransform?>?, builder: @[ExtensionFunctionType] kotlin.Function1<androidx.navigation.NavGraphBuilder, kotlin.Unit>, $mask0: kotlin.Int, $handler: kotlin.Any?): kotlin.Unit declared in androidx.navigation.compose.NavHostKt' type=kotlin.Unit origin=DEFAULT_DISPATCH_CALL
      ARG navController: GET_VAR 'val navController: androidx.navigation.NavHostController [val] declared in com.example.votingapp.navigation.AppNavigationKt.AppNavigation' type=androidx.navigation.NavHostController origin=null
      ARG startDestination: CONST String type=kotlin.String value="vote_list"
      ARG modifier: COMPOSITE type=androidx.compose.ui.Modifier? origin=DEFAULT_VALUE
        CONST Null type=androidx.compose.ui.Modifier? value=null
      ARG contentAlignment: COMPOSITE type=androidx.compose.ui.Alignment? origin=DEFAULT_VALUE
        CONST Null type=androidx.compose.ui.Alignment? value=null
      ARG route: COMPOSITE type=kotlin.String? origin=DEFAULT_VALUE
        CONST Null type=kotlin.String? value=null
      ARG enterTransition: COMPOSITE type=@[JvmSuppressWildcards(suppress = <null>)] @[ExtensionFunctionType] kotlin.Function1<androidx.compose.animation.AnimatedContentTransitionScope<androidx.navigation.NavBackStackEntry>, androidx.compose.animation.EnterTransition>? origin=DEFAULT_VALUE
        CONST Null type=@[JvmSuppressWildcards(suppress = <null>)] @[ExtensionFunctionType] kotlin.Function1<androidx.compose.animation.AnimatedContentTransitionScope<androidx.navigation.NavBackStackEntry>, androidx.compose.animation.EnterTransition>? value=null
      ARG exitTransition: COMPOSITE type=@[JvmSuppressWildcards(suppress = <null>)] @[ExtensionFunctionType] kotlin.Function1<androidx.compose.animation.AnimatedContentTransitionScope<androidx.navigation.NavBackStackEntry>, androidx.compose.animation.ExitTransition>? origin=DEFAULT_VALUE
        CONST Null type=@[JvmSuppressWildcards(suppress = <null>)] @[ExtensionFunctionType] kotlin.Function1<androidx.compose.animation.AnimatedContentTransitionScope<androidx.navigation.NavBackStackEntry>, androidx.compose.animation.ExitTransition>? value=null
      ARG popEnterTransition: COMPOSITE type=@[JvmSuppressWildcards(suppress = <null>)] @[ExtensionFunctionType] kotlin.Function1<androidx.compose.animation.AnimatedContentTransitionScope<androidx.navigation.NavBackStackEntry>, androidx.compose.animation.EnterTransition>? origin=DEFAULT_VALUE
        CONST Null type=@[JvmSuppressWildcards(suppress = <null>)] @[ExtensionFunctionType] kotlin.Function1<androidx.compose.animation.AnimatedContentTransitionScope<androidx.navigation.NavBackStackEntry>, androidx.compose.animation.EnterTransition>? value=null
      ARG popExitTransition: COMPOSITE type=@[JvmSuppressWildcards(suppress = <null>)] @[ExtensionFunctionType] kotlin.Function1<androidx.compose.animation.AnimatedContentTransitionScope<androidx.navigation.NavBackStackEntry>, androidx.compose.animation.ExitTransition>? origin=DEFAULT_VALUE
        CONST Null type=@[JvmSuppressWildcards(suppress = <null>)] @[ExtensionFunctionType] kotlin.Function1<androidx.compose.animation.AnimatedContentTransitionScope<androidx.navigation.NavBackStackEntry>, androidx.compose.animation.ExitTransition>? value=null
      ARG sizeTransform: COMPOSITE type=@[JvmSuppressWildcards(suppress = <null>)] @[ExtensionFunctionType] kotlin.Function1<androidx.compose.animation.AnimatedContentTransitionScope<androidx.navigation.NavBackStackEntry>, androidx.compose.animation.SizeTransform?>? origin=DEFAULT_VALUE
        CONST Null type=@[JvmSuppressWildcards(suppress = <null>)] @[ExtensionFunctionType] kotlin.Function1<androidx.compose.animation.AnimatedContentTransitionScope<androidx.navigation.NavBackStackEntry>, androidx.compose.animation.SizeTransform?>? value=null
      ARG builder: BLOCK type=@[ExtensionFunctionType] kotlin.Function1<androidx.navigation.NavGraphBuilder, kotlin.Unit> origin=LAMBDA
        COMPOSITE type=kotlin.Unit origin=null
        CALL 'public final fun <jvm-indy> <T> (dynamicCall: T of kotlin.jvm.internal.<jvm-indy>, bootstrapMethodHandle: kotlin.Any, vararg bootstrapMethodArguments: kotlin.Any): T of kotlin.jvm.internal.<jvm-indy> declared in kotlin.jvm.internal' type=@[ExtensionFunctionType] kotlin.Function1<androidx.navigation.NavGraphBuilder, kotlin.Unit> origin=null
          TYPE_ARG T: @[ExtensionFunctionType] kotlin.Function1<androidx.navigation.NavGraphBuilder, kotlin.Unit>
          ARG dynamicCall: CALL 'public final fun invoke (p0: com.example.votingapp.viewmodel.VoteViewModel, p1: androidx.navigation.NavHostController): @[ExtensionFunctionType] kotlin.Function1<androidx.navigation.NavGraphBuilder, kotlin.Unit> declared in kotlin.jvm.internal.invokeDynamic' type=@[ExtensionFunctionType] kotlin.Function1<androidx.navigation.NavGraphBuilder, kotlin.Unit> origin=null
            ARG p0: GET_VAR 'val viewModel: com.example.votingapp.viewmodel.VoteViewModel [val] declared in com.example.votingapp.navigation.AppNavigationKt.AppNavigation' type=com.example.votingapp.viewmodel.VoteViewModel origin=null
            ARG p1: GET_VAR 'val navController: androidx.navigation.NavHostController [val] declared in com.example.votingapp.navigation.AppNavigationKt.AppNavigation' type=androidx.navigation.NavHostController origin=null
          ARG bootstrapMethodHandle: CALL 'public final fun <jvm-method-handle> (tag: kotlin.Int, owner: kotlin.String, name: kotlin.String, descriptor: kotlin.String, isInterface: kotlin.Boolean): kotlin.Any declared in kotlin.jvm.internal' type=kotlin.Any origin=null
            ARG tag: CONST Int type=kotlin.Int value=6
            ARG owner: CONST String type=kotlin.String value="java/lang/invoke/LambdaMetafactory"
            ARG name: CONST String type=kotlin.String value="metafactory"
            ARG descriptor: CONST String type=kotlin.String value="(Ljava/lang/invoke/MethodHandles$Lookup;Ljava/lang/String;Ljava/lang/invoke/MethodType;Ljava/lang/invoke/MethodType;Ljava/lang/invoke/MethodHandle;Ljava/lang/invoke/MethodType;)Ljava/lang/invoke/CallSite;"
            ARG isInterface: CONST Boolean type=kotlin.Boolean value=false
          ARG bootstrapMethodArguments: VARARG type=kotlin.Array<kotlin.Any> varargElementType=kotlin.Any
            CALL 'public final fun <jvm-original-method-type> (method: kotlin.Any): kotlin.Any declared in kotlin.jvm.internal' type=kotlin.Any origin=null
              ARG method: RAW_FUNCTION_REFERENCE 'public abstract fun invoke (p1: P1 of kotlin.Function1): R of kotlin.Function1 [operator] declared in kotlin.Function1' type=kotlin.Any
            RAW_FUNCTION_REFERENCE 'private final fun AppNavigation$lambda$8 ($viewModel: com.example.votingapp.viewmodel.VoteViewModel, $navController: androidx.navigation.NavHostController, $this$NavHost: androidx.navigation.NavGraphBuilder): kotlin.Unit? declared in com.example.votingapp.navigation.AppNavigationKt' type=kotlin.Any
            CALL 'public final fun <jvm-original-method-type> (method: kotlin.Any): kotlin.Any declared in kotlin.jvm.internal' type=kotlin.Any origin=null
              ARG method: RAW_FUNCTION_REFERENCE 'public abstract fun invoke (p1: androidx.navigation.NavGraphBuilder): kotlin.Unit? [fake_override,operator] declared in kotlin.jvm.internal.invokeDynamic.<fake>' type=kotlin.Any
      ARG $mask0: CONST Int type=kotlin.Int value=1020
      ARG $handler: CONST Null type=kotlin.Any? value=null

	at org.jetbrains.kotlin.backend.jvm.codegen.FunctionCodegen.generate(FunctionCodegen.kt:50)
	at org.jetbrains.kotlin.backend.jvm.codegen.FunctionCodegen.generate$default(FunctionCodegen.kt:43)
	at org.jetbrains.kotlin.backend.jvm.codegen.ClassCodegen.generateMethodNode(ClassCodegen.kt:422)
	at org.jetbrains.kotlin.backend.jvm.codegen.ClassCodegen.generateMethod(ClassCodegen.kt:439)
	at org.jetbrains.kotlin.backend.jvm.codegen.ClassCodegen.generate(ClassCodegen.kt:164)
	at org.jetbrains.kotlin.backend.jvm.JvmIrCodegenFactory.generateFile(JvmIrCodegenFactory.kt:419)
	at org.jetbrains.kotlin.backend.jvm.JvmIrCodegenFactory.invokeCodegen(JvmIrCodegenFactory.kt:388)
	at org.jetbrains.kotlin.cli.jvm.compiler.KotlinToJVMBytecodeCompiler.runCodegen$cli(KotlinToJVMBytecodeCompiler.kt:431)
	at org.jetbrains.kotlin.cli.pipeline.jvm.JvmBackendPipelinePhase.executePhase(JvmBackendPipelinePhase.kt:95)
	at org.jetbrains.kotlin.cli.pipeline.jvm.JvmBackendPipelinePhase.executePhase(JvmBackendPipelinePhase.kt:36)
	at org.jetbrains.kotlin.cli.pipeline.jvm.JvmBackendPipelinePhase.executePhase(JvmBackendPipelinePhase.kt:29)
	at org.jetbrains.kotlin.cli.pipeline.PipelinePhase.phaseBody(PipelinePhase.kt:68)
	at org.jetbrains.kotlin.cli.pipeline.PipelinePhase.phaseBody(PipelinePhase.kt:58)
	at org.jetbrains.kotlin.config.phaser.NamedCompilerPhase.invoke(CompilerPhase.kt:102)
	at org.jetbrains.kotlin.backend.common.phaser.CompositePhase.invoke(PhaseBuilders.kt:22)
	at org.jetbrains.kotlin.config.phaser.CompilerPhaseKt.invokeToplevel(CompilerPhase.kt:53)
	at org.jetbrains.kotlin.cli.pipeline.AbstractCliPipeline.runPhasedPipeline(AbstractCliPipeline.kt:109)
	at org.jetbrains.kotlin.cli.pipeline.AbstractCliPipeline.execute(AbstractCliPipeline.kt:68)
	at org.jetbrains.kotlin.cli.jvm.K2JVMCompiler.doExecutePhased(K2JVMCompiler.kt:78)
	at org.jetbrains.kotlin.cli.jvm.K2JVMCompiler.doExecutePhased(K2JVMCompiler.kt:44)
	at org.jetbrains.kotlin.cli.common.CLICompiler.execImpl(CLICompiler.kt:90)
	at org.jetbrains.kotlin.cli.common.CLICompiler.exec(CLICompiler.kt:352)
	at org.jetbrains.kotlin.incremental.IncrementalJvmCompilerRunnerBase.runCompiler(IncrementalJvmCompilerRunnerBase.kt:175)
	at org.jetbrains.kotlin.incremental.IncrementalJvmCompilerRunnerBase.runCompiler(IncrementalJvmCompilerRunnerBase.kt:38)
	at org.jetbrains.kotlin.incremental.IncrementalCompilerRunner.doCompile(IncrementalCompilerRunner.kt:504)
	at org.jetbrains.kotlin.incremental.IncrementalCompilerRunner.compileImpl(IncrementalCompilerRunner.kt:421)
	at org.jetbrains.kotlin.incremental.IncrementalCompilerRunner.compileNonIncrementally(IncrementalCompilerRunner.kt:306)
	at org.jetbrains.kotlin.incremental.IncrementalCompilerRunner.compile(IncrementalCompilerRunner.kt:133)
	at org.jetbrains.kotlin.daemon.CompileServiceImplBase.execIncrementalCompiler(CompileServiceImpl.kt:679)
	at org.jetbrains.kotlin.daemon.CompileServiceImplBase.access$execIncrementalCompiler(CompileServiceImpl.kt:93)
	at org.jetbrains.kotlin.daemon.CompileServiceImpl.compile(CompileServiceImpl.kt:1806)
	at java.base/jdk.internal.reflect.DirectMethodHandleAccessor.invoke(Unknown Source)
	at java.base/java.lang.reflect.Method.invoke(Unknown Source)
	at java.rmi/sun.rmi.server.UnicastServerRef.dispatch(Unknown Source)
	at java.rmi/sun.rmi.transport.Transport$1.run(Unknown Source)
	at java.rmi/sun.rmi.transport.Transport$1.run(Unknown Source)
	at java.base/java.security.AccessController.doPrivileged(Unknown Source)
	at java.rmi/sun.rmi.transport.Transport.serviceCall(Unknown Source)
	at java.rmi/sun.rmi.transport.tcp.TCPTransport.handleMessages(Unknown Source)
	at java.rmi/sun.rmi.transport.tcp.TCPTransport$ConnectionHandler.run0(Unknown Source)
	at java.rmi/sun.rmi.transport.tcp.TCPTransport$ConnectionHandler.lambda$run$0(Unknown Source)
	at java.base/java.security.AccessController.doPrivileged(Unknown Source)
	at java.rmi/sun.rmi.transport.tcp.TCPTransport$ConnectionHandler.run(Unknown Source)
	at java.base/java.util.concurrent.ThreadPoolExecutor.runWorker(Unknown Source)
	at java.base/java.util.concurrent.ThreadPoolExecutor$Worker.run(Unknown Source)
	at java.base/java.lang.Thread.run(Unknown Source)
Caused by: org.jetbrains.kotlin.codegen.CompilationException: Back-end (JVM) Internal error: Couldn't inline method call: CALL 'public final fun viewModel$default <VM> (viewModelStoreOwner: androidx.lifecycle.ViewModelStoreOwner?, key: kotlin.String?, factory: androidx.lifecycle.ViewModelProvider.Factory?, extras: androidx.lifecycle.viewmodel.CreationExtras?, $mask0: kotlin.Int, $handler: kotlin.Any?): VM of androidx.lifecycle.viewmodel.compose.ViewModelKt.viewModel$default [inline] declared in androidx.lifecycle.viewmodel.compose.ViewModelKt' type=VM of androidx.lifecycle.viewmodel.compose.ViewModelKt.viewModel$default origin=DEFAULT_DISPATCH_CALL
Method: null
File is unknown
The root cause java.lang.IllegalStateException was thrown at: org.jetbrains.kotlin.codegen.inline.SourceCompilerForInlineKt.getMethodNode(SourceCompilerForInline.kt:129)
	at org.jetbrains.kotlin.backend.jvm.codegen.IrInlineCodegen.genInlineCall(IrInlineCodegen.kt:82)
	at org.jetbrains.kotlin.backend.jvm.codegen.IrInlineCallGenerator.genCall(IrInlineCallGenerator.kt:36)
	at org.jetbrains.kotlin.backend.jvm.codegen.ExpressionCodegen.visitCall(ExpressionCodegen.kt:586)
	at org.jetbrains.kotlin.backend.jvm.codegen.ExpressionCodegen.visitCall(ExpressionCodegen.kt:135)
	at org.jetbrains.kotlin.ir.expressions.IrCall.accept(IrCall.kt:24)
	at org.jetbrains.kotlin.backend.jvm.codegen.ExpressionCodegen.visitTypeOperator(ExpressionCodegen.kt:1075)
	at org.jetbrains.kotlin.backend.jvm.codegen.ExpressionCodegen.visitTypeOperator(ExpressionCodegen.kt:135)
	at org.jetbrains.kotlin.ir.expressions.IrTypeOperatorCall.accept(IrTypeOperatorCall.kt:26)
	at org.jetbrains.kotlin.backend.jvm.codegen.ExpressionCodegen.visitVariable(ExpressionCodegen.kt:725)
	at org.jetbrains.kotlin.backend.jvm.codegen.ExpressionCodegen.visitVariable(ExpressionCodegen.kt:135)
	at org.jetbrains.kotlin.ir.declarations.IrVariable.accept(IrVariable.kt:36)
	at org.jetbrains.kotlin.backend.jvm.codegen.ExpressionCodegen.visitStatementContainer(ExpressionCodegen.kt:527)
	at org.jetbrains.kotlin.backend.jvm.codegen.ExpressionCodegen.visitBlockBody(ExpressionCodegen.kt:532)
	at org.jetbrains.kotlin.backend.jvm.codegen.ExpressionCodegen.visitBlockBody(ExpressionCodegen.kt:135)
	at org.jetbrains.kotlin.ir.expressions.IrBlockBody.accept(IrBlockBody.kt:20)
	at org.jetbrains.kotlin.backend.jvm.codegen.ExpressionCodegen.generate(ExpressionCodegen.kt:233)
	at org.jetbrains.kotlin.backend.jvm.codegen.FunctionCodegen.doGenerate(FunctionCodegen.kt:126)
	at org.jetbrains.kotlin.backend.jvm.codegen.FunctionCodegen.generate(FunctionCodegen.kt:47)
	... 45 more
Caused by: java.lang.IllegalStateException: couldn't find inline method Landroidx/lifecycle/viewmodel/compose/ViewModelKt__ViewModelKt;.viewModel$default(Landroidx/lifecycle/ViewModelStoreOwner;Ljava/lang/String;Landroidx/lifecycle/ViewModelProvider$Factory;Landroidx/lifecycle/viewmodel/CreationExtras;ILjava/lang/Object;)Landroidx/lifecycle/ViewModel;
	at org.jetbrains.kotlin.codegen.inline.SourceCompilerForInlineKt.getMethodNode(SourceCompilerForInline.kt:129)
	at org.jetbrains.kotlin.codegen.inline.SourceCompilerForInlineKt.loadCompiledInlineFunction$lambda$2(SourceCompilerForInline.kt:98)
	at org.jetbrains.kotlin.codegen.inline.InlineCache.computeMethodBytes(InlineCache.kt:90)
	at org.jetbrains.kotlin.codegen.inline.SourceCompilerForInlineKt.loadCompiledInlineFunction(SourceCompilerForInline.kt:93)
	at org.jetbrains.kotlin.backend.jvm.codegen.IrSourceCompilerForInline.compileInlineFunction(IrSourceCompilerForInline.kt:96)
	at org.jetbrains.kotlin.backend.jvm.codegen.IrInlineCodegen.genInlineCall(IrInlineCodegen.kt:65)
	... 62 more


